
[0;36m╔════════════════════════════════════════════════════════╗[0m
[0;36m║                                                        ║[0m
[0;36m║   🧪  TESTE COMPLETO DE RATE LIMITING - 1000 REQS    ║[0m
[0;36m║                                                        ║[0m
[0;36m╚════════════════════════════════════════════════════════╝[0m

[0;34mAPI:[0m http://localhost:8080
[0;34mData:[0m 2025-10-22 08:48:02

[0;35m[LOGIN ADMIN][0m Autenticando...
[0;32m✅ Login admin OK[0m

[0;36m╔════════════════════════════════════════════════════════╗[0m
[0;36m║  🏗️  CRIANDO TENANTS DE TESTE                         ║[0m
[0;36m╚════════════════════════════════════════════════════════╝[0m

[1;33m[1/8][0m Tenant: Limite Extremamente Baixo
